------------------------------------------------------------
TimeQuest Timing Analyzer Summary
------------------------------------------------------------

Type  : Setup 'DivisorDeFrequencia:CLKpor10|FFD:inst10|Q'
Slack : -2.030
TNS   : -100.718

Type  : Setup 'CLK'
Slack : -1.219
TNS   : -9.591

Type  : Setup 'MatrizDeLEDs:inst1|Contador:inst1|FlipflopT:inst2|Q'
Slack : -1.194
TNS   : -1.194

Type  : Setup 'MatrizDeLEDs:inst1|Contador:inst1|FlipflopT:inst1|Q'
Slack : 0.949
TNS   : 0.000

Type  : Hold 'CLK'
Slack : -2.084
TNS   : -4.142

Type  : Hold 'MatrizDeLEDs:inst1|Contador:inst1|FlipflopT:inst1|Q'
Slack : -1.003
TNS   : -1.003

Type  : Hold 'MatrizDeLEDs:inst1|Contador:inst1|FlipflopT:inst2|Q'
Slack : 1.640
TNS   : 0.000

Type  : Hold 'DivisorDeFrequencia:CLKpor10|FFD:inst10|Q'
Slack : 1.659
TNS   : 0.000

Type  : Minimum Pulse Width 'CLK'
Slack : -2.289
TNS   : -2.289

Type  : Minimum Pulse Width 'DivisorDeFrequencia:CLKpor10|FFD:inst10|Q'
Slack : 0.234
TNS   : 0.000

Type  : Minimum Pulse Width 'MatrizDeLEDs:inst1|Contador:inst1|FlipflopT:inst1|Q'
Slack : 0.234
TNS   : 0.000

Type  : Minimum Pulse Width 'MatrizDeLEDs:inst1|Contador:inst1|FlipflopT:inst2|Q'
Slack : 0.234
TNS   : 0.000

------------------------------------------------------------
