------------------------------------------------------------
Timing Analyzer Summary
------------------------------------------------------------

Type  : Setup 'CLK'
Slack : -6.620
TNS   : -132.457

Type  : Setup 'divisor:inst|count[23]'
Slack : -1.724
TNS   : -100.040

Type  : Setup 'MatrizDeLEDs:inst1|Contador:inst1|FlipflopT:inst2|Q'
Slack : -1.193
TNS   : -1.193

Type  : Setup 'MatrizDeLEDs:inst1|Contador:inst1|FlipflopT:inst1|Q'
Slack : 0.851
TNS   : 0.000

Type  : Setup 'divisor:inst|count[5]'
Slack : 1.857
TNS   : 0.000

Type  : Hold 'divisor:inst|count[5]'
Slack : -1.911
TNS   : -1.911

Type  : Hold 'CLK'
Slack : -1.429
TNS   : -2.045

Type  : Hold 'MatrizDeLEDs:inst1|Contador:inst1|FlipflopT:inst1|Q'
Slack : -0.905
TNS   : -0.905

Type  : Hold 'MatrizDeLEDs:inst1|Contador:inst1|FlipflopT:inst2|Q'
Slack : 1.639
TNS   : 0.000

Type  : Hold 'divisor:inst|count[23]'
Slack : 1.661
TNS   : 0.000

Type  : Minimum Pulse Width 'CLK'
Slack : -2.289
TNS   : -2.289

Type  : Minimum Pulse Width 'MatrizDeLEDs:inst1|Contador:inst1|FlipflopT:inst1|Q'
Slack : 0.234
TNS   : 0.000

Type  : Minimum Pulse Width 'MatrizDeLEDs:inst1|Contador:inst1|FlipflopT:inst2|Q'
Slack : 0.234
TNS   : 0.000

Type  : Minimum Pulse Width 'divisor:inst|count[23]'
Slack : 0.234
TNS   : 0.000

Type  : Minimum Pulse Width 'divisor:inst|count[5]'
Slack : 0.234
TNS   : 0.000

------------------------------------------------------------
